// Jest Snapshot v1, https://goo.gl/fbAQLP

exports[`All tests for Menu Component renders correctly 1`] = `
ShallowWrapper {
  "length": 1,
  Symbol(enzyme.__root__): [Circular],
  Symbol(enzyme.__unrendered__): <Menu
    logo="logo"
/>,
  Symbol(enzyme.__renderer__): Object {
    "batchedUpdates": [Function],
    "getNode": [Function],
    "render": [Function],
    "simulateEvent": [Function],
    "unmount": [Function],
  },
  Symbol(enzyme.__node__): Object {
    "instance": null,
    "key": undefined,
    "nodeType": "class",
    "props": Object {
      "bsStyle": "default",
      "children": Array [
        <NavbarHeader>
          <NavbarBrand>
                    <a
                              href="/home"
                    >
                              <strong>
                                        logo
                              </strong>
                    </a>
          </NavbarBrand>
          <NavbarToggle />
</NavbarHeader>,
        <NavbarCollapse>
          <Nav
                    bsClass="nav"
                    bsStyle="pills"
                    justified={false}
                    pullLeft={false}
                    pullRight={true}
                    stacked={false}
          >
                    <NavItem
                              active={false}
                              className="navitem"
                              disabled={false}
                              href="/home"
                    >
                              Log In
                    </NavItem>
          </Nav>
</NavbarCollapse>,
      ],
      "collapseOnSelect": true,
    },
    "ref": null,
    "rendered": Array [
      Object {
        "instance": null,
        "key": undefined,
        "nodeType": "class",
        "props": Object {
          "children": Array [
            <NavbarBrand>
              <a
                            href="/home"
              >
                            <strong>
                                          logo
                            </strong>
              </a>
</NavbarBrand>,
            <NavbarToggle />,
          ],
        },
        "ref": null,
        "rendered": Array [
          Object {
            "instance": null,
            "key": undefined,
            "nodeType": "class",
            "props": Object {
              "children": <a
                href="/home"
>
                <strong>
                                logo
                </strong>
</a>,
            },
            "ref": null,
            "rendered": Object {
              "instance": null,
              "key": undefined,
              "nodeType": "host",
              "props": Object {
                "children": <strong>
                  logo
</strong>,
                "href": "/home",
              },
              "ref": null,
              "rendered": Object {
                "instance": null,
                "key": undefined,
                "nodeType": "host",
                "props": Object {
                  "children": "logo",
                },
                "ref": null,
                "rendered": "logo",
                "type": "strong",
              },
              "type": "a",
            },
            "type": [Function],
          },
          Object {
            "instance": null,
            "key": undefined,
            "nodeType": "class",
            "props": Object {},
            "ref": null,
            "rendered": null,
            "type": [Function],
          },
        ],
        "type": [Function],
      },
      Object {
        "instance": null,
        "key": undefined,
        "nodeType": "class",
        "props": Object {
          "children": <Nav
            bsClass="nav"
            bsStyle="pills"
            justified={false}
            pullLeft={false}
            pullRight={true}
            stacked={false}
>
            <NavItem
                        active={false}
                        className="navitem"
                        disabled={false}
                        href="/home"
            >
                        Log In
            </NavItem>
</Nav>,
        },
        "ref": null,
        "rendered": Object {
          "instance": null,
          "key": undefined,
          "nodeType": "class",
          "props": Object {
            "bsClass": "nav",
            "bsStyle": "pills",
            "children": <NavItem
              active={false}
              className="navitem"
              disabled={false}
              href="/home"
>
              Log In
</NavItem>,
            "justified": false,
            "pullLeft": false,
            "pullRight": true,
            "stacked": false,
          },
          "ref": null,
          "rendered": Object {
            "instance": null,
            "key": "1",
            "nodeType": "class",
            "props": Object {
              "active": false,
              "children": "Log In",
              "className": "navitem",
              "disabled": false,
              "href": "/home",
            },
            "ref": null,
            "rendered": "Log In",
            "type": [Function],
          },
          "type": [Function],
        },
        "type": [Function],
      },
    ],
    "type": [Function],
  },
  Symbol(enzyme.__nodes__): Array [
    Object {
      "instance": null,
      "key": undefined,
      "nodeType": "class",
      "props": Object {
        "bsStyle": "default",
        "children": Array [
          <NavbarHeader>
            <NavbarBrand>
                        <a
                                    href="/home"
                        >
                                    <strong>
                                                logo
                                    </strong>
                        </a>
            </NavbarBrand>
            <NavbarToggle />
</NavbarHeader>,
          <NavbarCollapse>
            <Nav
                        bsClass="nav"
                        bsStyle="pills"
                        justified={false}
                        pullLeft={false}
                        pullRight={true}
                        stacked={false}
            >
                        <NavItem
                                    active={false}
                                    className="navitem"
                                    disabled={false}
                                    href="/home"
                        >
                                    Log In
                        </NavItem>
            </Nav>
</NavbarCollapse>,
        ],
        "collapseOnSelect": true,
      },
      "ref": null,
      "rendered": Array [
        Object {
          "instance": null,
          "key": undefined,
          "nodeType": "class",
          "props": Object {
            "children": Array [
              <NavbarBrand>
                <a
                                href="/home"
                >
                                <strong>
                                                logo
                                </strong>
                </a>
</NavbarBrand>,
              <NavbarToggle />,
            ],
          },
          "ref": null,
          "rendered": Array [
            Object {
              "instance": null,
              "key": undefined,
              "nodeType": "class",
              "props": Object {
                "children": <a
                  href="/home"
>
                  <strong>
                                    logo
                  </strong>
</a>,
              },
              "ref": null,
              "rendered": Object {
                "instance": null,
                "key": undefined,
                "nodeType": "host",
                "props": Object {
                  "children": <strong>
                    logo
</strong>,
                  "href": "/home",
                },
                "ref": null,
                "rendered": Object {
                  "instance": null,
                  "key": undefined,
                  "nodeType": "host",
                  "props": Object {
                    "children": "logo",
                  },
                  "ref": null,
                  "rendered": "logo",
                  "type": "strong",
                },
                "type": "a",
              },
              "type": [Function],
            },
            Object {
              "instance": null,
              "key": undefined,
              "nodeType": "class",
              "props": Object {},
              "ref": null,
              "rendered": null,
              "type": [Function],
            },
          ],
          "type": [Function],
        },
        Object {
          "instance": null,
          "key": undefined,
          "nodeType": "class",
          "props": Object {
            "children": <Nav
              bsClass="nav"
              bsStyle="pills"
              justified={false}
              pullLeft={false}
              pullRight={true}
              stacked={false}
>
              <NavItem
                            active={false}
                            className="navitem"
                            disabled={false}
                            href="/home"
              >
                            Log In
              </NavItem>
</Nav>,
          },
          "ref": null,
          "rendered": Object {
            "instance": null,
            "key": undefined,
            "nodeType": "class",
            "props": Object {
              "bsClass": "nav",
              "bsStyle": "pills",
              "children": <NavItem
                active={false}
                className="navitem"
                disabled={false}
                href="/home"
>
                Log In
</NavItem>,
              "justified": false,
              "pullLeft": false,
              "pullRight": true,
              "stacked": false,
            },
            "ref": null,
            "rendered": Object {
              "instance": null,
              "key": "1",
              "nodeType": "class",
              "props": Object {
                "active": false,
                "children": "Log In",
                "className": "navitem",
                "disabled": false,
                "href": "/home",
              },
              "ref": null,
              "rendered": "Log In",
              "type": [Function],
            },
            "type": [Function],
          },
          "type": [Function],
        },
      ],
      "type": [Function],
    },
  ],
  Symbol(enzyme.__options__): Object {
    "adapter": ReactSixteenAdapter {
      "options": Object {
        "enableComponentDidUpdateOnSetState": true,
      },
    },
    "disableLifecycleMethods": true,
  },
}
`;
