// Jest Snapshot v1, https://goo.gl/fbAQLP

exports[`The SignIn Component renders correctly 1`] = `
ShallowWrapper {
  "length": 1,
  Symbol(enzyme.__root__): [Circular],
  Symbol(enzyme.__unrendered__): <SignIn />,
  Symbol(enzyme.__renderer__): Object {
    "batchedUpdates": [Function],
    "getNode": [Function],
    "render": [Function],
    "simulateEvent": [Function],
    "unmount": [Function],
  },
  Symbol(enzyme.__node__): Object {
    "instance": null,
    "key": undefined,
    "nodeType": "host",
    "props": Object {
      "children": Array [
        <h2
          className="title"
>
          Sign In
</h2>,
        <div
          className="form-group"
>
          <input
                    className="form-control"
                    onChange={[Function]}
                    placeholder="email"
                    style={
                              Object {
                                        "marginRight": "5px",
                                      }
                    }
                    type="email"
          />
          <input
                    className="form-control"
                    onChange={[Function]}
                    placeholder="password"
                    style={
                              Object {
                                        "marginRight": "5px",
                                      }
                    }
                    type="password"
          />
          <button
                    className="btn btn-primary"
                    onClick={[Function]}
          >
                    Sign In
          </button>
</div>,
        <div
          className="error-msg"
          style={
                    Object {
                              "margin": "1%",
                            }
          }
/>,
        <div
          className="signup-link"
>
          Not a member yet? Sign Up Here!
</div>,
      ],
      "className": "form-inline",
      "style": Object {
        "margin": "5%",
      },
    },
    "ref": null,
    "rendered": Array [
      Object {
        "instance": null,
        "key": undefined,
        "nodeType": "host",
        "props": Object {
          "children": "Sign In",
          "className": "title",
        },
        "ref": null,
        "rendered": "Sign In",
        "type": "h2",
      },
      Object {
        "instance": null,
        "key": undefined,
        "nodeType": "host",
        "props": Object {
          "children": Array [
            <input
              className="form-control"
              onChange={[Function]}
              placeholder="email"
              style={
                            Object {
                                          "marginRight": "5px",
                                        }
              }
              type="email"
/>,
            <input
              className="form-control"
              onChange={[Function]}
              placeholder="password"
              style={
                            Object {
                                          "marginRight": "5px",
                                        }
              }
              type="password"
/>,
            <button
              className="btn btn-primary"
              onClick={[Function]}
>
              Sign In
</button>,
          ],
          "className": "form-group",
        },
        "ref": null,
        "rendered": Array [
          Object {
            "instance": null,
            "key": undefined,
            "nodeType": "host",
            "props": Object {
              "className": "form-control",
              "onChange": [Function],
              "placeholder": "email",
              "style": Object {
                "marginRight": "5px",
              },
              "type": "email",
            },
            "ref": null,
            "rendered": null,
            "type": "input",
          },
          Object {
            "instance": null,
            "key": undefined,
            "nodeType": "host",
            "props": Object {
              "className": "form-control",
              "onChange": [Function],
              "placeholder": "password",
              "style": Object {
                "marginRight": "5px",
              },
              "type": "password",
            },
            "ref": null,
            "rendered": null,
            "type": "input",
          },
          Object {
            "instance": null,
            "key": undefined,
            "nodeType": "host",
            "props": Object {
              "children": "Sign In",
              "className": "btn btn-primary",
              "onClick": [Function],
            },
            "ref": null,
            "rendered": "Sign In",
            "type": "button",
          },
        ],
        "type": "div",
      },
      Object {
        "instance": null,
        "key": undefined,
        "nodeType": "host",
        "props": Object {
          "children": "",
          "className": "error-msg",
          "style": Object {
            "margin": "1%",
          },
        },
        "ref": null,
        "rendered": "",
        "type": "div",
      },
      Object {
        "instance": null,
        "key": undefined,
        "nodeType": "host",
        "props": Object {
          "children": "Not a member yet? Sign Up Here!",
          "className": "signup-link",
        },
        "ref": null,
        "rendered": "Not a member yet? Sign Up Here!",
        "type": "div",
      },
    ],
    "type": "div",
  },
  Symbol(enzyme.__nodes__): Array [
    Object {
      "instance": null,
      "key": undefined,
      "nodeType": "host",
      "props": Object {
        "children": Array [
          <h2
            className="title"
>
            Sign In
</h2>,
          <div
            className="form-group"
>
            <input
                        className="form-control"
                        onChange={[Function]}
                        placeholder="email"
                        style={
                                    Object {
                                                "marginRight": "5px",
                                              }
                        }
                        type="email"
            />
            <input
                        className="form-control"
                        onChange={[Function]}
                        placeholder="password"
                        style={
                                    Object {
                                                "marginRight": "5px",
                                              }
                        }
                        type="password"
            />
            <button
                        className="btn btn-primary"
                        onClick={[Function]}
            >
                        Sign In
            </button>
</div>,
          <div
            className="error-msg"
            style={
                        Object {
                                    "margin": "1%",
                                  }
            }
/>,
          <div
            className="signup-link"
>
            Not a member yet? Sign Up Here!
</div>,
        ],
        "className": "form-inline",
        "style": Object {
          "margin": "5%",
        },
      },
      "ref": null,
      "rendered": Array [
        Object {
          "instance": null,
          "key": undefined,
          "nodeType": "host",
          "props": Object {
            "children": "Sign In",
            "className": "title",
          },
          "ref": null,
          "rendered": "Sign In",
          "type": "h2",
        },
        Object {
          "instance": null,
          "key": undefined,
          "nodeType": "host",
          "props": Object {
            "children": Array [
              <input
                className="form-control"
                onChange={[Function]}
                placeholder="email"
                style={
                                Object {
                                                "marginRight": "5px",
                                              }
                }
                type="email"
/>,
              <input
                className="form-control"
                onChange={[Function]}
                placeholder="password"
                style={
                                Object {
                                                "marginRight": "5px",
                                              }
                }
                type="password"
/>,
              <button
                className="btn btn-primary"
                onClick={[Function]}
>
                Sign In
</button>,
            ],
            "className": "form-group",
          },
          "ref": null,
          "rendered": Array [
            Object {
              "instance": null,
              "key": undefined,
              "nodeType": "host",
              "props": Object {
                "className": "form-control",
                "onChange": [Function],
                "placeholder": "email",
                "style": Object {
                  "marginRight": "5px",
                },
                "type": "email",
              },
              "ref": null,
              "rendered": null,
              "type": "input",
            },
            Object {
              "instance": null,
              "key": undefined,
              "nodeType": "host",
              "props": Object {
                "className": "form-control",
                "onChange": [Function],
                "placeholder": "password",
                "style": Object {
                  "marginRight": "5px",
                },
                "type": "password",
              },
              "ref": null,
              "rendered": null,
              "type": "input",
            },
            Object {
              "instance": null,
              "key": undefined,
              "nodeType": "host",
              "props": Object {
                "children": "Sign In",
                "className": "btn btn-primary",
                "onClick": [Function],
              },
              "ref": null,
              "rendered": "Sign In",
              "type": "button",
            },
          ],
          "type": "div",
        },
        Object {
          "instance": null,
          "key": undefined,
          "nodeType": "host",
          "props": Object {
            "children": "",
            "className": "error-msg",
            "style": Object {
              "margin": "1%",
            },
          },
          "ref": null,
          "rendered": "",
          "type": "div",
        },
        Object {
          "instance": null,
          "key": undefined,
          "nodeType": "host",
          "props": Object {
            "children": "Not a member yet? Sign Up Here!",
            "className": "signup-link",
          },
          "ref": null,
          "rendered": "Not a member yet? Sign Up Here!",
          "type": "div",
        },
      ],
      "type": "div",
    },
  ],
  Symbol(enzyme.__options__): Object {
    "adapter": ReactSixteenAdapter {
      "options": Object {
        "enableComponentDidUpdateOnSetState": true,
      },
    },
    "disableLifecycleMethods": true,
  },
}
`;
